asus:sake:ZenPhone_8
asus:Z01R:ZenPhone_5Z
bananaPI:m5:M5_TV
bananaPI:m5_tab:M5_Tablet
essential:mata:PH_1
fairphone:FP3:FP3
fairphone:FP4:FP4
fairphone:FP5:FP5
fxtec:pro1:Pro_1
fxtec:pro1x:Pro_1X
google:akita:Pixel_8A
google:barbet:Pixel_5A
google:bluejay:Pixel_6A
google:blueline:Pixel_3
google:bonito:Pixel_3A_XL
google:bramble:Pixel_4A_5G
google:caiman:Pixel_9_Pro
google:cheetah:Pixel_7_Pro
google:comet:Pixel_9_Pro_Fold
google:coral:Pixel_4XL
google:crosshatch:Pixel_3XL
google:deadpool:ADT_3
google:felix:Pixel_Fold
google:flame:Pixel_4
google:husky:Pixel_8_Pro
google:lynx:Pixel_7a
google:marlin:Pixel_XL
google:oriole:Pixel_6
google:panther:Pixel_7
google:raven:Pixel_6_Pro
google:redfin:Pixel_5
google:sailfish:Pixel
google:sargo:Pixel_3A
google:shiba:Pixel_8
google:sunfish:Pixel_4A
google:taimen:Pixel_2XL
google:tangorpro:Pixel_Tablet
google:tokay:Pixel_9
google:walleye:Pixel_2
lenovo:heart:Z5_Pro_GT
lenovo:zippo:Z6_Pro
lge:caymanslm:Velvet
lge:joan:V30
lge:judyln:G7_ThinQ
lge:judypn:V40
lge:judyp:V35
motorola:bangkk:Moto_G84_5G
motorola:bathena:Defy_2021
motorola:berlin:Edge_20
motorola:berlna:Edge_2021
motorola:borneo:Moto_G_Power
motorola:bronco:ThinkPhone
motorola:capri:Moto_G10
motorola:caprip:Moto_G30
motorola:cebu:Moto_G9_Power
motorola:channel:Moto_G7_Play
motorola:devon:Moto_G32
motorola:dubai:Edge_30
motorola:eqs:Edge_30_Ultra
motorola:evert:Moto_G6_Plus
motorola:fogo:Moto_G_5G_2024
motorola:fogos:Moto_G34_5G
motorola:guam:Moto_E7_Plus
motorola:guamp:Moto_G9
motorola:kane:One_Vision
motorola:kiev:Moto_G_5G
motorola:messi:Moto_Z3
motorola:miami:Edge_30_Neo
motorola:nairo:Moto_G_5G_Plus
motorola:nio:Edge_S
motorola:ocean:Moto_G7_Power
motorola:payton:Moto_X4
motorola:pstar:Edge_20_Pro
motorola:rhode:Moto_G52
motorola:rhodep:Moto_G82_5G
motorola:river:Moto_G7
motorola:rtwo:Edge_40_Pro
motorola:troika:One_Action
motorola:tundra:Edge_30_Fusion
motorola:xpeng:Moto_G200
nokia:B2N:7_Plus
nokia:PL2:6.1_2018
nothing:Pong:Phone_2
nothing:Spacewar:Phone_1
nubia:nx563j:Z17
nubia:nx606j:Z18
nubia:nx619j:Red_Magic_Mars
nubia:nx659j:Red_Magic_5G
nubia:TP1803:Mini_5G
nvidia:foster_tab:TX1_Tablet
nvidia:foster:TX1_TV
nvidia:porg:Jetson_TV
nvidia:porg_tab:Jetson_Tablet
nvidia:quill_tab:TX2_Tablet
nvidia:quill:TX2_TV
nvidia:sif:Shield_TV_2019
oneplus:cheeseburger:OnePlus_5
oneplus:dre:Nord_200
oneplus:enchilada:OnePlus_6
oneplus:fajita:OnePlus_6T
oneplus:guacamoleb:OnePlus_7
oneplus:guacamole:OnePlus_7_Pro
oneplus:gunnar:Nord_N20_5G
oneplus:hotdogb:OnePlus_7T
oneplus:hotdog:OnePlus_7T_Pro
oneplus:instantnoodle:OnePlus_8
oneplus:instantnoodlep:OnePlus_8_Pro
oneplus:kebab:OnePlus_8T
oneplus:larry:Nord_N30
oneplus:lemonadep:OnePlus_9_Pro
oneplus:lemonades:OnePlus_9R
oneplus:martini:OnePlus_9RT
oneplus:oscaro:Nord_CE2
oneplus:salami:OnePlus_11_5G
radxa:radxa02_tab:Zero_2_Tablet
radxa:radxa02:Zero_2_TV
radxa:radxa0_tab:Zero_Tablet
radxa:radxa0:Zero_TV
razer:aura:Phone2
razer:cheryl:Phone
realme:luigi:Realme_10_Pro
realme:oscar:Realme_9_Pro
samsung:a21s:Galaxy_A21s
samsung:a52q:Galaxy_A52_4G
samsung:a52sxq:Galaxy_A52s_5G
samsung:a71:Galaxy_A71
samsung:a72q:Galaxy_A72
samsung:a73xq:Galaxy_A73_5G
samsung:beyond0lte:Galaxy_S10e
samsung:beyond1lte:Galaxy_S10
samsung:beyond2lte:Galaxy_S10_Plus
samsung:beyondx:Galaxy_S10_5G
samsung:d1:Galaxy_Note_10
samsung:d1x:Galaxy_Note_10_5G
samsung:d2s:Galaxy_Note_10_Plus
samsung:f62:Galaxy_F62
samsung:gta4l:Galaxy_TabA_10.4_LTE
samsung:gta4lwifi:Galaxy_Tab_A7_Wifi
samsung:gta4xl:Galaxy_Tab_S6_LTE
samsung:gta4xlwifi:Galaxy_Tab_S6_Wifi
samsung:gtowifi:Galaxy_TabA_8.0
samsung:gts4lv:Galaxy_Tab_S5e_LTE
samsung:gts4lvwifi:Galaxy_Tab_S5e_Wifi
samsung:gts7l:Galaxy_Tab_S7_LTE
samsung:gts7lwifi:Galaxy_Tab_S7_Wifi
samsung:m52xq:Galaxy_M52_5G
samsung:r8q:Galaxy_S20_FE
shift:axolotl:Shift_6MQ
solana:ingot:Saga
sony:akari:Xperia_XZ2
sony:akatsuki:Xperia_XZ3
sony:aurora:Xperia_XZ2_Premium
sony:discovery:Xperia_XA2_Ultra
sony:mermaid:Xperia_10_Plus
sony:pdx203:Xperia_1_II
sony:pdx206:Xperia_5_II
sony:pdx214:Xperia_5_III
sony:pdx225:Xperia_10_IV
sony:pdx234:Xperia_1_V
sony:pdx235:Xperia_10_V
sony:pdx237:Xperia_5_V
sony:pioneer:Xperia_XA2
sony:voyager:Xperia_XA2_Plus
sony:xz2c:Xperia_XZ2_Compact
xiaomi:alioth:Poco_F3
xiaomi:apollon:Mi_10T
xiaomi:beryllium:Poco_F1
xiaomi:chiron:Mi_Mix_2
xiaomi:cmi:Mi_10_Pro
xiaomi:cupid:Mi_12
xiaomi:davinci:Redmi_K20
xiaomi:davinci:Redmi_K20_Mi_9
xiaomi:dipper:Mi_8
xiaomi:diting:Mi_12T_Pro
xiaomi:earth:Poco_12C
xiaomi:equuleus:Mi_8_Pro
xiaomi:fuxi:Mi_13
xiaomi:gauguin:Mi_10T_5G
xiaomi:gemini:Mi_5
xiaomi:ginkgo:Redmi_Note_8
xiaomi:grus:Mi_9SE
xiaomi:haydn:Mi_11I
xiaomi:laurel_sprout:Mi_A3
xiaomi:lisa:Mi_11
xiaomi:lmi:Poco_F2_Pro
xiaomi:marble:Poco_F5
xiaomi:mayfly:Mi_12S
xiaomi:Mi439:Redmi_7A
xiaomi:Mi439:Redmi_8
xiaomi:Mi8917:Redmi_4A
xiaomi:Mi8937:Poco_3S
xiaomi:miatoll:Poco_M2_Pro
xiaomi:miatoll:Redmi_Note_9_Pro
xiaomi:mondrian:Poco_F5_Pro
xiaomi:munch:Poco_F4
xiaomi:natrium:Mi_5S_Plus
xiaomi:nuwa:Mi_13_Pro
xiaomi:perseus:Mi_Mix_3
xiaomi:polaris:Mi_Mix_2S
xiaomi:pyxis:Mi_CC9
xiaomi:renoir:Mi_11_5G
xiaomi:rosemary:Redmi_10S
xiaomi:sagit:Mi_6
xiaomi:shark:Black_Shark
xiaomi:socrates:Redmi_K60_Pro
xiaomi:surya:Poco_X3_NFC
xiaomi:sweet:Redmi_Note_10_Pro
xiaomi:thor:Mi_12S_Ultra
xiaomi:thyme:Mi_10S
xiaomi:umi:Mi_10
xiaomi:unicorn:Mi_12S_Pro
xiaomi:ursa:Mi_8_Explorer
xiaomi:vayu:Poco_X3_Pro
xiaomi:vela:Mi_CC9_Meitu
xiaomi:violet:Redmi_Note_7_Pro
xiaomi:zeus:Mi_12_Pro
xiaomi:zizhan:Mi_Fold_2
zte:akershus:Axon_9_Pro
